

/******************************************************************************************
* WriteStepFile diagnostics.
* Date:                           Wed Aug 23 14:58:55 2017 
* Produced by:                    The EXPRESS Data Manager Version 5.02.0100.07 : 28 Aug 2013
* Module:                         EDMstepFileFactory/EDMstandAlone
* Host:                           RemoteThinktank
* Database:                       C:\Users\User-PC\AppData\Local\Temp\{F5E56861-57E9-4CE9-AC8F-AC32026B669E}\ifc
* Database version:               5507
* Database creation date:         Wed Aug 23 14:58:54 2017
* Model:                          DataRepository.ifc
* Model creation date:            Wed Aug 23 14:58:55 2017
* Header model:                   DataRepository.ifc_HeaderModel
* Header model creation date:     Wed Aug 23 14:58:55 2017
* Step file:                      Lock-Door-Salto_Systems-XS4_One_Escutcheons-XS4 One Escutcheon Stainless Steel Satin Finish.ifc
* EDMuser:                        sdai-user
* EDMgroup:                       sdai-group
* License ID and type:            5605 : Permanent license. Expiry date: 
* EDMstepFileFactory options:     020000
******************************************************************************************/


------------------------------------------------------------------------------------------------
Operation terminated successfully.
------------------------------------------------------------------------------------------------

